Microchip MPLAB XC8 Compiler V2.40

Linker command line:

-W-3 \
  --edf=C:\Program Files\Microchip\xc8\v2.40\pic\dat\20220703182018_en.msgs \
  -cn -h+dist/default/production\gabarit23.X.production.sym \
  --cmf=dist/default/production\gabarit23.X.production.cmf -z -Q18F25K80 \
  -oC:\Users\LVERME~1\AppData\Local\Temp\xcAs9tc.4 --defsym=__MPLAB_BUILD=1 \
  --fixupoverflow=error \
  -Mdist/default/production/gabarit23.X.production.map \
  --md=C:\Users\LVERME~1\AppData\Local\Temp\xcAs9tc.dat -E1 \
  -ver=XC8 Compiler --acfsm=1493 -ACODE=00h-07FFFh -ACONST=00h-07FFFh \
  -ASMALLCONST=01000h-010FFhx112 -AMEDIUMCONST=01000h-07FFFh \
  -ACOMRAM=01h-05Fh -AABS1=00h-0E40h -ABIGRAM=01h-0E40h \
  -ARAM=060h-0FFh,0100h-01FFhx13,0E00h-0E40h -ABANK0=060h-0FFh \
  -ABANK1=0100h-01FFh -ABANK2=0200h-02FFh -ABANK3=0300h-03FFh \
  -ABANK4=0400h-04FFh -ABANK5=0500h-05FFh -ABANK6=0600h-06FFh \
  -ABANK7=0700h-07FFh -ABANK8=0800h-08FFh -ABANK9=0900h-09FFh \
  -ABANK10=0A00h-0AFFh -ABANK11=0B00h-0BFFh -ABANK12=0C00h-0CFFh \
  -ABANK13=0D00h-0DFFh -ABANK14=0E00h-0E40h \
  -ASFR=0E41h-0EFFh,0F00h-0F5Fh,0F60h-0FFFh -ABIGSFR=0E41h-0FFFh \
  -ACONFIG=0300000h-030000Dh -AIDLOC=0200000h-0200007h \
  -AEEDATA=0F00000h-0F003FFh -peeprom_data=EEDATA \
  -preset_vec=00h,intcode=08h,intcodelo,powerup,init -pramtop=01000h \
  -psmallconst=SMALLCONST -pmediumconst=MEDIUMCONST -pconst=CONST \
  -AFARRAM=00h-00h \
  -prdata=COMRAM,nvrram=COMRAM,nvbit=COMRAM,rbss=COMRAM,rbit=COMRAM \
  -pfarbss=FARRAM,fardata=FARRAM,nvFARRAM=FARRAM \
  -pintsave_regs=BIGRAM,bigbss=BIGRAM,bigdata=BIGRAM -pbss=RAM \
  -pidata=CODE,irdata=CODE,ibigdata=CODE,ifardata=CODE -prparam=COMRAM \
  C:\Users\LVERME~1\AppData\Local\Temp\xcAs9tc.o \
  dist/default/production\gabarit23.X.production.o 

Object code version is 3.11

Machine type is 18F25K80



                Name                               Link     Load   Length Selector   Space Scale
C:\Users\LVERME~1\AppData\Local\Temp\xcAs9tc.o
                idloc                            200000   200000        8        0       5
                config                           300000   300000        E        0       4
                init                                 B0       B0        4        4       0
                reset_vec                             0        0        4        0       0
dist/default/production\gabarit23.X.production.o
                intcode                               8        8       A8        4       0
                idloc                            200000   200000        8        0       5
                config                           300000   300000        E        0       4
                temp                                 32       32        1        1       1
                text18                              342      342       2A        4       0
                text17                              422      422        6        4       0
                text16                              42C      42C        2        4       0
                text15                              41C      41C        6        4       0
                text14                              1D2      1D2       BC        4       0
                text13                              302      302       40        4       0
                text11                              412      412        A        4       0
                text10                              408      408        A        4       0
                text9                               3FE      3FE        A        4       0
                text8                               3F4      3F4        A        4       0
                text7                               3EA      3EA        A        4       0
                text6                               28E      28E       74        4       0
                text5                               428      428        4        4       0
                text4                               3D8      3D8       12        4       0
                text3                               36C      36C       28        4       0
                text2                               3C6      3C6       12        4       0
                text1                                B4       B4      11E        4       0
                text0                               3AE      3AE       18        4       0
                cstackCOMRAM                         2A       2A        8        1       1
                bssCOMRAM                             1        1       1E        1       1
                cinit                               394      394       1A        4       0
                nvCOMRAM                             1F       1F        B        1       1

TOTAL           Name                               Link     Load   Length     Space
        CLASS   CODE           
                intcode                               8        8       A8         0
                init                                 B0       B0        4         0
                reset_vec                             0        0        4         0
                text18                              342      342       2A         0
                text17                              422      422        6         0
                text16                              42C      42C        2         0
                text15                              41C      41C        6         0
                text14                              1D2      1D2       BC         0
                text13                              302      302       40         0
                text11                              412      412        A         0
                text10                              408      408        A         0
                text9                               3FE      3FE        A         0
                text8                               3F4      3F4        A         0
                text7                               3EA      3EA        A         0
                text6                               28E      28E       74         0
                text5                               428      428        4         0
                text4                               3D8      3D8       12         0
                text3                               36C      36C       28         0
                text2                               3C6      3C6       12         0
                text1                                B4       B4      11E         0
                text0                               3AE      3AE       18         0
                cinit                               394      394       1A         0

        CLASS   CONST          

        CLASS   SMALLCONST     

        CLASS   MEDIUMCONST    

        CLASS   COMRAM         
                temp                                 32       32        1         1
                cstackCOMRAM                         2A       2A        8         1
                bssCOMRAM                             1        1       1E         1
                nvCOMRAM                             1F       1F        B         1

        CLASS   ABS1           

        CLASS   BIGRAM         

        CLASS   RAM            

        CLASS   BANK0          

        CLASS   BANK1          

        CLASS   BANK2          

        CLASS   BANK3          

        CLASS   BANK4          

        CLASS   BANK5          

        CLASS   BANK6          

        CLASS   BANK7          

        CLASS   BANK8          

        CLASS   BANK9          

        CLASS   BANK10         

        CLASS   BANK11         

        CLASS   BANK12         

        CLASS   BANK13         

        CLASS   BANK14         

        CLASS   SFR            

        CLASS   BIGSFR         

        CLASS   CONFIG         
                config                           300000   300000        E         4

        CLASS   IDLOC          
                idloc                            200000   200000        8         5

        CLASS   EEDATA         

        CLASS   FARRAM         

        CLASS   HEAP           

        CLASS   STACK          



SEGMENTS        Name                           Load    Length   Top    Selector   Space  Class

                reset_vec                      000000  000004  000004         0       0  CODE    
                bssCOMRAM                      000001  000032  000033         1       1  COMRAM  
                intcode                        000008  000426  00042E         4       0  CODE    


UNUSED ADDRESS RANGES

        Name                Unused          Largest block    Delta
        BANK0            000060-0000FF               A0
        BANK1            000100-0001FF              100
        BANK10           000A00-000AFF              100
        BANK11           000B00-000BFF              100
        BANK12           000C00-000CFF              100
        BANK13           000D00-000DFF              100
        BANK14           000E00-000E40               41
        BANK2            000200-0002FF              100
        BANK3            000300-0003FF              100
        BANK4            000400-0004FF              100
        BANK5            000500-0005FF              100
        BANK6            000600-0006FF              100
        BANK7            000700-0007FF              100
        BANK8            000800-0008FF              100
        BANK9            000900-0009FF              100
        BIGRAM           000033-000E40              E0E
        BIGSFR           000E41-000FFF              1BF
        CODE             000004-000007                4
                         00042E-007FFF             7BD2
        COMRAM           000033-00005F               2D
        CONST            000004-000007                4
                         00042E-007FFF             7BD2
        EEDATA           F00000-F003FF              400
        MEDIUMCONST      001000-007FFF             7000
        RAM              000060-000E40              100
        SFR              000E41-000FFF               BF
        SMALLCONST       001000-007FFF              100

                                  Symbol Table

EUSART1_SetErrorHandler@interruptHandler        cstackCOMRAM 00002E
EUSART1_SetFramingErrorHandler@interruptHandler cstackCOMRAM 00002E
EUSART1_SetOverrunErrorHandler@interruptHandler cstackCOMRAM 00002E
EUSART1_SetRxInterruptHandler@interruptHandler  cstackCOMRAM 00002E
EUSART1_SetTxInterruptHandler@interruptHandler  cstackCOMRAM 00002E
_ANCON0                                         (abs)        000F5D
_ANCON1                                         (abs)        000F5C
_BAUDCON1                                       (abs)        000FA7
_EUSART1_DefaultErrorHandler                    text17       000422
_EUSART1_DefaultFramingErrorHandler             text16       00042C
_EUSART1_DefaultOverrunErrorHandler             text15       00041C
_EUSART1_ErrorHandler                           nvCOMRAM     00001F
_EUSART1_FramingErrorHandler                    nvCOMRAM     000023
_EUSART1_Initialize                             text6        00028E
_EUSART1_OverrunErrorHandler                    nvCOMRAM     000021
_EUSART1_Receive_ISR                            text14       0001D2
_EUSART1_RxDataHandler                          text18       000342
_EUSART1_RxDefaultInterruptHandler              nvCOMRAM     000025
_EUSART1_SetErrorHandler                        text11       000412
_EUSART1_SetFramingErrorHandler                 text10       000408
_EUSART1_SetOverrunErrorHandler                 text9        0003FE
_EUSART1_SetRxInterruptHandler                  text8        0003F4
_EUSART1_SetTxInterruptHandler                  text7        0003EA
_EUSART1_Transmit_ISR                           text13       000302
_EUSART1_TxDefaultInterruptHandler              nvCOMRAM     000027
_INTCON2bits                                    (abs)        000FF1
_INTCONbits                                     (abs)        000FF2
_INTERRUPT_Initialize                           text5        000428
_INTERRUPT_InterruptManager                     intcode      000008
_LATA                                           (abs)        000F89
_LATAbits                                       (abs)        000F89
_LATB                                           (abs)        000F8A
_LATBbits                                       (abs)        000F8A
_LATC                                           (abs)        000F8B
_LATCbits                                       (abs)        000F8B
_OSCCON                                         (abs)        000FD3
_OSCCON2                                        (abs)        000FD2
_OSCILLATOR_Initialize                          text4        0003D8
_OSCTUNE                                        (abs)        000F9B
_PIE1bits                                       (abs)        000F9D
_PIN_MANAGER_Initialize                         text3        00036C
_PIR1bits                                       (abs)        000F9E
_PORTBbits                                      (abs)        000F81
_RCONbits                                       (abs)        000FD0
_RCREG1                                         (abs)        000FAE
_RCSTA1                                         (abs)        000FAB
_RCSTA1bits                                     (abs)        000FAB
_REFOCON                                        (abs)        000F9A
_SPBRG1                                         (abs)        000FAF
_SPBRGH1                                        (abs)        000F7D
_SYSTEM_Initialize                              text2        0003C6
_TRISA                                          (abs)        000F92
_TRISB                                          (abs)        000F93
_TRISC                                          (abs)        000F94
_TXREG1                                         (abs)        000FAD
_TXSTA1                                         (abs)        000FAC
_TXSTA1bits                                     (abs)        000FAC
_WPUB                                           (abs)        000F5B
__HRAM                                          (abs)        000000
__Habs1                                         abs1         000000
__Hbank0                                        bank0        000000
__Hbank1                                        bank1        000000
__Hbank10                                       bank10       000000
__Hbank11                                       bank11       000000
__Hbank12                                       bank12       000000
__Hbank13                                       bank13       000000
__Hbank14                                       bank14       000000
__Hbank2                                        bank2        000000
__Hbank3                                        bank3        000000
__Hbank4                                        bank4        000000
__Hbank5                                        bank5        000000
__Hbank6                                        bank6        000000
__Hbank7                                        bank7        000000
__Hbank8                                        bank8        000000
__Hbank9                                        bank9        000000
__Hbigbss                                       bigbss       000000
__Hbigdata                                      bigdata      000000
__Hbigram                                       bigram       000000
__Hbigsfr                                       bigsfr       000000
__Hbss                                          bss          000000
__HbssCOMRAM                                    bssCOMRAM    000000
__Hcinit                                        cinit        000000
__Hclrtext                                      clrtext      000000
__Hcomram                                       comram       000000
__Hconfig                                       config       30000E
__Hconst                                        const        000000
__HcstackCOMRAM                                 cstackCOMRAM 000000
__Hdata                                         data         000000
__Heeprom_data                                  eeprom_data  000000
__Hfarbss                                       farbss       000000
__Hfardata                                      fardata      000000
__Hheap                                         heap         000000
__Hibigdata                                     ibigdata     000000
__Hidata                                        idata        000000
__Hidloc                                        idloc        200008
__Hifardata                                     ifardata     000000
__Hinit                                         init         0000B4
__Hintcode                                      intcode      0000B0
__Hintcode_body                                 intcode_body 000000
__Hintcodelo                                    intcodelo    0000B0
__Hintentry                                     intentry     000000
__Hintret                                       intret       000000
__Hintsave_regs                                 intsave_regs 000000
__Hirdata                                       irdata       000000
__Hmediumconst                                  mediumconst  000000
__HnvCOMRAM                                     nvCOMRAM     000000
__HnvFARRAM                                     nvFARRAM     000000
__Hnvbit                                        nvbit        000000
__Hnvrram                                       nvrram       000000
__Hparam                                        rparam       000000
__Hpowerup                                      powerup      0000B0
__Hram                                          ram          000000
__Hramtop                                       ramtop       001000
__Hrbit                                         rbit         000000
__Hrbss                                         rbss         000000
__Hrdata                                        rdata        000000
__Hreset_vec                                    reset_vec    000004
__Hrparam                                       rparam       000000
__Hsfr                                          sfr          000000
__Hsmallconst                                   smallconst   000000
__Hspace_0                                      (abs)        001000
__Hspace_1                                      (abs)        000033
__Hspace_2                                      (abs)        000000
__Hspace_4                                      (abs)        60000E
__Hstack                                        stack        000000
__Hstruct                                       struct       000000
__Htemp                                         temp         000033
__Htext                                         text         000000
__Htext0                                        text0        000000
__Htext1                                        text1        000000
__Htext10                                       text10       000000
__Htext11                                       text11       000000
__Htext13                                       text13       000000
__Htext14                                       text14       000000
__Htext15                                       text15       000000
__Htext16                                       text16       000000
__Htext17                                       text17       000000
__Htext18                                       text18       000000
__Htext19                                       text19       000000
__Htext2                                        text2        000000
__Htext3                                        text3        000000
__Htext4                                        text4        000000
__Htext5                                        text5        000000
__Htext6                                        text6        000000
__Htext7                                        text7        000000
__Htext8                                        text8        000000
__Htext9                                        text9        000000
__LRAM                                          (abs)        000001
__Labs1                                         abs1         000000
__Lbank0                                        bank0        000000
__Lbank1                                        bank1        000000
__Lbank10                                       bank10       000000
__Lbank11                                       bank11       000000
__Lbank12                                       bank12       000000
__Lbank13                                       bank13       000000
__Lbank14                                       bank14       000000
__Lbank2                                        bank2        000000
__Lbank3                                        bank3        000000
__Lbank4                                        bank4        000000
__Lbank5                                        bank5        000000
__Lbank6                                        bank6        000000
__Lbank7                                        bank7        000000
__Lbank8                                        bank8        000000
__Lbank9                                        bank9        000000
__Lbigbss                                       bigbss       000000
__Lbigdata                                      bigdata      000000
__Lbigram                                       bigram       000000
__Lbigsfr                                       bigsfr       000000
__Lbss                                          bss          000000
__LbssCOMRAM                                    bssCOMRAM    000000
__Lcinit                                        cinit        000000
__Lclrtext                                      clrtext      000000
__Lcomram                                       comram       000000
__Lconfig                                       config       000000
__Lconst                                        const        000000
__LcstackCOMRAM                                 cstackCOMRAM 000000
__Ldata                                         data         000000
__Leeprom_data                                  eeprom_data  000000
__Lfarbss                                       farbss       000000
__Lfardata                                      fardata      000000
__Lheap                                         heap         000000
__Libigdata                                     ibigdata     000000
__Lidata                                        idata        000000
__Lidloc                                        idloc        000000
__Lifardata                                     ifardata     000000
__Linit                                         init         0000B0
__Lintcode                                      intcode      000008
__Lintcode_body                                 intcode_body 000000
__Lintcodelo                                    intcodelo    0000B0
__Lintentry                                     intentry     000000
__Lintret                                       intret       000000
__Lintsave_regs                                 intsave_regs 000000
__Lirdata                                       irdata       000000
__Lmediumconst                                  mediumconst  000000
__LnvCOMRAM                                     nvCOMRAM     000000
__LnvFARRAM                                     nvFARRAM     000000
__Lnvbit                                        nvbit        000000
__Lnvrram                                       nvrram       000000
__Lparam                                        rparam       000000
__Lpowerup                                      powerup      0000B0
__Lram                                          ram          000000
__Lramtop                                       ramtop       001000
__Lrbit                                         rbit         000000
__Lrbss                                         rbss         000000
__Lrdata                                        rdata        000000
__Lreset_vec                                    reset_vec    000000
__Lrparam                                       rparam       000000
__Lsfr                                          sfr          000000
__Lsmallconst                                   smallconst   000000
__Lspace_0                                      (abs)        000000
__Lspace_1                                      (abs)        000000
__Lspace_2                                      (abs)        000000
__Lspace_4                                      (abs)        000000
__Lstack                                        stack        000000
__Lstruct                                       struct       000000
__Ltemp                                         temp         000032
__Ltext                                         text         000000
__Ltext0                                        text0        000000
__Ltext1                                        text1        000000
__Ltext10                                       text10       000000
__Ltext11                                       text11       000000
__Ltext13                                       text13       000000
__Ltext14                                       text14       000000
__Ltext15                                       text15       000000
__Ltext16                                       text16       000000
__Ltext17                                       text17       000000
__Ltext18                                       text18       000000
__Ltext19                                       text19       000000
__Ltext2                                        text2        000000
__Ltext3                                        text3        000000
__Ltext4                                        text4        000000
__Ltext5                                        text5        000000
__Ltext6                                        text6        000000
__Ltext7                                        text7        000000
__Ltext8                                        text8        000000
__Ltext9                                        text9        000000
__S0                                            (abs)        00042E
__S1                                            (abs)        000033
__S4                                            (abs)        000000
__S5                                            (abs)        000000
___heap_hi                                      (abs)        000000
___heap_lo                                      (abs)        000000
___inthi_sp                                     stack        000000
___intlo_sp                                     stack        000000
___param_bank                                   (abs)        000000
___rparam_used                                  (abs)        000001
___sp                                           stack        000000
__accesstop                                     (abs)        000060
__activetblptr                                  (abs)        000002
__end_of_EUSART1_DefaultErrorHandler            text17       000428
__end_of_EUSART1_DefaultFramingErrorHandler     text16       00042E
__end_of_EUSART1_DefaultOverrunErrorHandler     text15       000422
__end_of_EUSART1_Initialize                     text6        000302
__end_of_EUSART1_Receive_ISR                    text14       00028E
__end_of_EUSART1_RxDataHandler                  text18       00036C
__end_of_EUSART1_SetErrorHandler                text11       00041C
__end_of_EUSART1_SetFramingErrorHandler         text10       000412
__end_of_EUSART1_SetOverrunErrorHandler         text9        000408
__end_of_EUSART1_SetRxInterruptHandler          text8        0003FE
__end_of_EUSART1_SetTxInterruptHandler          text7        0003F4
__end_of_EUSART1_Transmit_ISR                   text13       000342
__end_of_INTERRUPT_Initialize                   text5        00042C
__end_of_INTERRUPT_InterruptManager             intcode      0000B0
__end_of_OSCILLATOR_Initialize                  text4        0003EA
__end_of_PIN_MANAGER_Initialize                 text3        000394
__end_of_SYSTEM_Initialize                      text2        0003D8
__end_of__initialization                        cinit        0003A0
__end_of_main                                   text0        0003C6
__end_of_output_high                            text1        0001D2
__initialization                                cinit        000394
__mediumconst                                   mediumconst  000000
__pbssCOMRAM                                    bssCOMRAM    000001
__pcinit                                        cinit        000394
__pcstackCOMRAM                                 cstackCOMRAM 00002A
__pintcode                                      intcode      000008
__pnvCOMRAM                                     nvCOMRAM     00001F
__ptext0                                        text0        0003AE
__ptext1                                        text1        0000B4
__ptext10                                       text10       000408
__ptext11                                       text11       000412
__ptext13                                       text13       000302
__ptext14                                       text14       0001D2
__ptext15                                       text15       00041C
__ptext16                                       text16       00042C
__ptext17                                       text17       000422
__ptext18                                       text18       000342
__ptext19                                       text19       000000
__ptext2                                        text2        0003C6
__ptext3                                        text3        00036C
__ptext4                                        text4        0003D8
__ptext5                                        text5        000428
__ptext6                                        text6        00028E
__ptext7                                        text7        0003EA
__ptext8                                        text8        0003F4
__ptext9                                        text9        0003FE
__ramtop                                        ramtop       001000
__smallconst                                    smallconst   000000
_eusart1RxBuffer                                bssCOMRAM    000009
_eusart1RxCount                                 bssCOMRAM    00001A
_eusart1RxHead                                  bssCOMRAM    00001C
_eusart1RxLastError                             bssCOMRAM    000019
_eusart1RxStatusBuffer                          bssCOMRAM    000001
_eusart1RxTail                                  bssCOMRAM    00001B
_eusart1TxBuffer                                bssCOMRAM    000011
_eusart1TxBufferRemaining                       nvCOMRAM     000029
_eusart1TxHead                                  bssCOMRAM    00001E
_eusart1TxTail                                  bssCOMRAM    00001D
_main                                           text0        0003AE
_output_high                                    text1        0000B4
btemp                                           temp         000032
end_of_initialization                           cinit        0003A0
int$flags                                       temp         000032
intlevel0                                       text         000000
intlevel1                                       text         000000
intlevel2                                       text         000000
intlevel3                                       text         000000
isa$std                                         (abs)        000001
isa$xinst                                       (abs)        000000
output_high@pin                                 cstackCOMRAM 00002E
stackhi                                         (abs)        000000
stacklo                                         (abs)        000000
start                                           init         0000B0
start_initialization                            cinit        000394
ttemp5                                          temp         000033
ttemp6                                          temp         000036
ttemp7                                          temp         00003A
wtemp8                                          temp         000033


MODULE INFORMATION

Module		Function		Class		Link	Load	Size
prog211.c
		_output_high   		CODE           	00B4	0000	286

prog211.c estimated size: 286

mcc_generated_files/interrupt_manager.c
		_INTERRUPT_Initialize		CODE           	0428	0000	4
		_INTERRUPT_InterruptManager		CODE           	0008	0000	168

mcc_generated_files/interrupt_manager.c estimated size: 172

mcc_generated_files/pin_manager.c
		_PIN_MANAGER_Initialize		CODE           	036C	0000	40

mcc_generated_files/pin_manager.c estimated size: 40

shared
		__initialization		CODE           	0394	0000	12

shared estimated size: 12

mcc_generated_files/eusart1.c
		_EUSART1_SetRxInterruptHandler		CODE           	03F4	0000	10
		_EUSART1_SetTxInterruptHandler		CODE           	03EA	0000	10
		_EUSART1_Initialize		CODE           	028E	0000	116
		_EUSART1_DefaultErrorHandler		CODE           	0422	0000	6
		_EUSART1_SetFramingErrorHandler		CODE           	0408	0000	10
		_EUSART1_SetOverrunErrorHandler		CODE           	03FE	0000	10
		_EUSART1_SetErrorHandler		CODE           	0412	0000	10
		_EUSART1_Receive_ISR		CODE           	01D2	0000	188
		_EUSART1_RxDataHandler		CODE           	0342	0000	42
		_EUSART1_DefaultOverrunErrorHandler		CODE           	041C	0000	6
		_EUSART1_Transmit_ISR		CODE           	0302	0000	64
		_EUSART1_DefaultFramingErrorHandler		CODE           	042C	0000	2

mcc_generated_files/eusart1.c estimated size: 474

mcc_generated_files/mcc.c
		_OSCILLATOR_Initialize		CODE           	03D8	0000	18
		_SYSTEM_Initialize		CODE           	03C6	0000	18

mcc_generated_files/mcc.c estimated size: 36

main.c
		_main          		CODE           	03AE	0000	24

main.c estimated size: 24

