Microchip MPLAB XC8 Compiler V2.40

Linker command line:

-W-3 \
  --edf=C:\Program Files\Microchip\xc8\v2.40\pic\dat\20220703182018_en.msgs \
  -cn -h+dist/default/production\gabarit_240.X.production.sym \
  --cmf=dist/default/production\gabarit_240.X.production.cmf -z -Q18F25K80 \
  -oC:\Users\LVERME~1\AppData\Local\Temp\xcAs98k.4 --defsym=__MPLAB_BUILD=1 \
  --fixupoverflow=error \
  -Mdist/default/production/gabarit_240.X.production.map \
  --md=C:\Users\LVERME~1\AppData\Local\Temp\xcAs98k.dat -E1 \
  -ver=XC8 Compiler --acfsm=1493 -ACODE=00h-07FFFh -ACONST=00h-07FFFh \
  -ASMALLCONST=01000h-010FFhx112 -AMEDIUMCONST=01000h-07FFFh \
  -ACOMRAM=01h-05Fh -AABS1=00h-0E40h -ABIGRAM=01h-0E40h \
  -ARAM=060h-0FFh,0100h-01FFhx13,0E00h-0E40h -ABANK0=060h-0FFh \
  -ABANK1=0100h-01FFh -ABANK2=0200h-02FFh -ABANK3=0300h-03FFh \
  -ABANK4=0400h-04FFh -ABANK5=0500h-05FFh -ABANK6=0600h-06FFh \
  -ABANK7=0700h-07FFh -ABANK8=0800h-08FFh -ABANK9=0900h-09FFh \
  -ABANK10=0A00h-0AFFh -ABANK11=0B00h-0BFFh -ABANK12=0C00h-0CFFh \
  -ABANK13=0D00h-0DFFh -ABANK14=0E00h-0E40h \
  -ASFR=0E41h-0EFFh,0F00h-0F5Fh,0F60h-0FFFh -ABIGSFR=0E41h-0FFFh \
  -ACONFIG=0300000h-030000Dh -AIDLOC=0200000h-0200007h \
  -AEEDATA=0F00000h-0F003FFh -peeprom_data=EEDATA \
  -preset_vec=00h,intcode=08h,intcodelo,powerup,init -pramtop=01000h \
  -psmallconst=SMALLCONST -pmediumconst=MEDIUMCONST -pconst=CONST \
  -AFARRAM=00h-00h \
  -prdata=COMRAM,nvrram=COMRAM,nvbit=COMRAM,rbss=COMRAM,rbit=COMRAM \
  -pfarbss=FARRAM,fardata=FARRAM,nvFARRAM=FARRAM \
  -pintsave_regs=BIGRAM,bigbss=BIGRAM,bigdata=BIGRAM -pbss=RAM \
  -pidata=CODE,irdata=CODE,ibigdata=CODE,ifardata=CODE -prparam=COMRAM \
  C:\Users\LVERME~1\AppData\Local\Temp\xcAs98k.o \
  dist/default/production\gabarit_240.X.production.o 

Object code version is 3.11

Machine type is 18F25K80



                Name                               Link     Load   Length Selector   Space Scale
C:\Users\LVERME~1\AppData\Local\Temp\xcAs98k.o
                idloc                            200000   200000        8        0       5
                config                           300000   300000        E        0       4
                init                                 B0       B0        4        4       0
                reset_vec                             0        0        4        0       0
dist/default/production\gabarit_240.X.production.o
                intcode                               8        8       A8        4       0
                idloc                            200000   200000        8        0       5
                config                           300000   300000        E        0       4
                temp                                 30       30        1        1       1
                text17                              224      224       2A        4       0
                text16                              2F8      2F8        6        4       0
                text15                              302      302        2        4       0
                text14                              2F2      2F2        6        4       0
                text13                               B4       B4       BC        4       0
                text12                              1E4      1E4       40        4       0
                text10                              2E8      2E8        A        4       0
                text9                               2DE      2DE        A        4       0
                text8                               2D4      2D4        A        4       0
                text7                               2CA      2CA        A        4       0
                text6                               2C0      2C0        A        4       0
                text5                               170      170       74        4       0
                text4                               2FE      2FE        4        4       0
                text3                               2A2      2A2       12        4       0
                text2                               24E      24E       28        4       0
                text1                               290      290       12        4       0
                text0                               2B4      2B4        C        4       0
                cstackCOMRAM                         2A       2A        6        1       1
                bssCOMRAM                             1        1       1E        1       1
                cinit                               276      276       1A        4       0
                nvCOMRAM                             1F       1F        B        1       1

TOTAL           Name                               Link     Load   Length     Space
        CLASS   CODE           
                intcode                               8        8       A8         0
                init                                 B0       B0        4         0
                reset_vec                             0        0        4         0
                text17                              224      224       2A         0
                text16                              2F8      2F8        6         0
                text15                              302      302        2         0
                text14                              2F2      2F2        6         0
                text13                               B4       B4       BC         0
                text12                              1E4      1E4       40         0
                text10                              2E8      2E8        A         0
                text9                               2DE      2DE        A         0
                text8                               2D4      2D4        A         0
                text7                               2CA      2CA        A         0
                text6                               2C0      2C0        A         0
                text5                               170      170       74         0
                text4                               2FE      2FE        4         0
                text3                               2A2      2A2       12         0
                text2                               24E      24E       28         0
                text1                               290      290       12         0
                text0                               2B4      2B4        C         0
                cinit                               276      276       1A         0

        CLASS   CONST          

        CLASS   SMALLCONST     

        CLASS   MEDIUMCONST    

        CLASS   COMRAM         
                temp                                 30       30        1         1
                cstackCOMRAM                         2A       2A        6         1
                bssCOMRAM                             1        1       1E         1
                nvCOMRAM                             1F       1F        B         1

        CLASS   ABS1           

        CLASS   BIGRAM         

        CLASS   RAM            

        CLASS   BANK0          

        CLASS   BANK1          

        CLASS   BANK2          

        CLASS   BANK3          

        CLASS   BANK4          

        CLASS   BANK5          

        CLASS   BANK6          

        CLASS   BANK7          

        CLASS   BANK8          

        CLASS   BANK9          

        CLASS   BANK10         

        CLASS   BANK11         

        CLASS   BANK12         

        CLASS   BANK13         

        CLASS   BANK14         

        CLASS   SFR            

        CLASS   BIGSFR         

        CLASS   CONFIG         
                config                           300000   300000        E         4

        CLASS   IDLOC          
                idloc                            200000   200000        8         5

        CLASS   EEDATA         

        CLASS   FARRAM         

        CLASS   HEAP           

        CLASS   STACK          



SEGMENTS        Name                           Load    Length   Top    Selector   Space  Class

                reset_vec                      000000  000004  000004         0       0  CODE    
                bssCOMRAM                      000001  000030  000031         1       1  COMRAM  
                intcode                        000008  0002FC  000304         4       0  CODE    


UNUSED ADDRESS RANGES

        Name                Unused          Largest block    Delta
        BANK0            000060-0000FF               A0
        BANK1            000100-0001FF              100
        BANK10           000A00-000AFF              100
        BANK11           000B00-000BFF              100
        BANK12           000C00-000CFF              100
        BANK13           000D00-000DFF              100
        BANK14           000E00-000E40               41
        BANK2            000200-0002FF              100
        BANK3            000300-0003FF              100
        BANK4            000400-0004FF              100
        BANK5            000500-0005FF              100
        BANK6            000600-0006FF              100
        BANK7            000700-0007FF              100
        BANK8            000800-0008FF              100
        BANK9            000900-0009FF              100
        BIGRAM           000031-000E40              E10
        BIGSFR           000E41-000FFF              1BF
        CODE             000004-000007                4
                         000304-007FFF             7CFC
        COMRAM           000031-00005F               2F
        CONST            000004-000007                4
                         000304-007FFF             7CFC
        EEDATA           F00000-F003FF              400
        MEDIUMCONST      001000-007FFF             7000
        RAM              000060-000E40              100
        SFR              000E41-000FFF               BF
        SMALLCONST       001000-007FFF              100

                                  Symbol Table

EUSART1_SetErrorHandler@interruptHandler        cstackCOMRAM 00002E
EUSART1_SetFramingErrorHandler@interruptHandler cstackCOMRAM 00002E
EUSART1_SetOverrunErrorHandler@interruptHandler cstackCOMRAM 00002E
EUSART1_SetRxInterruptHandler@interruptHandler  cstackCOMRAM 00002E
EUSART1_SetTxInterruptHandler@interruptHandler  cstackCOMRAM 00002E
_ANCON0                                         (abs)        000F5D
_ANCON1                                         (abs)        000F5C
_BAUDCON1                                       (abs)        000FA7
_EUSART1_DefaultErrorHandler                    text16       0002F8
_EUSART1_DefaultFramingErrorHandler             text15       000302
_EUSART1_DefaultOverrunErrorHandler             text14       0002F2
_EUSART1_ErrorHandler                           nvCOMRAM     00001F
_EUSART1_FramingErrorHandler                    nvCOMRAM     000023
_EUSART1_Initialize                             text5        000170
_EUSART1_OverrunErrorHandler                    nvCOMRAM     000021
_EUSART1_Receive_ISR                            text13       0000B4
_EUSART1_RxDataHandler                          text17       000224
_EUSART1_RxDefaultInterruptHandler              nvCOMRAM     000025
_EUSART1_SetErrorHandler                        text10       0002E8
_EUSART1_SetFramingErrorHandler                 text9        0002DE
_EUSART1_SetOverrunErrorHandler                 text8        0002D4
_EUSART1_SetRxInterruptHandler                  text7        0002CA
_EUSART1_SetTxInterruptHandler                  text6        0002C0
_EUSART1_Transmit_ISR                           text12       0001E4
_EUSART1_TxDefaultInterruptHandler              nvCOMRAM     000027
_INTCON2bits                                    (abs)        000FF1
_INTCONbits                                     (abs)        000FF2
_INTERRUPT_Initialize                           text4        0002FE
_INTERRUPT_InterruptManager                     intcode      000008
_LATA                                           (abs)        000F89
_LATAbits                                       (abs)        000F89
_LATB                                           (abs)        000F8A
_LATBbits                                       (abs)        000F8A
_LATC                                           (abs)        000F8B
_LATCbits                                       (abs)        000F8B
_OSCCON                                         (abs)        000FD3
_OSCCON2                                        (abs)        000FD2
_OSCILLATOR_Initialize                          text3        0002A2
_OSCTUNE                                        (abs)        000F9B
_PIE1bits                                       (abs)        000F9D
_PIN_MANAGER_Initialize                         text2        00024E
_PIR1bits                                       (abs)        000F9E
_PORTBbits                                      (abs)        000F81
_RCONbits                                       (abs)        000FD0
_RCREG1                                         (abs)        000FAE
_RCSTA1                                         (abs)        000FAB
_RCSTA1bits                                     (abs)        000FAB
_REFOCON                                        (abs)        000F9A
_SPBRG1                                         (abs)        000FAF
_SPBRGH1                                        (abs)        000F7D
_SYSTEM_Initialize                              text1        000290
_TRISA                                          (abs)        000F92
_TRISB                                          (abs)        000F93
_TRISC                                          (abs)        000F94
_TXREG1                                         (abs)        000FAD
_TXSTA1                                         (abs)        000FAC
_TXSTA1bits                                     (abs)        000FAC
_WPUB                                           (abs)        000F5B
__HRAM                                          (abs)        000000
__Habs1                                         abs1         000000
__Hbank0                                        bank0        000000
__Hbank1                                        bank1        000000
__Hbank10                                       bank10       000000
__Hbank11                                       bank11       000000
__Hbank12                                       bank12       000000
__Hbank13                                       bank13       000000
__Hbank14                                       bank14       000000
__Hbank2                                        bank2        000000
__Hbank3                                        bank3        000000
__Hbank4                                        bank4        000000
__Hbank5                                        bank5        000000
__Hbank6                                        bank6        000000
__Hbank7                                        bank7        000000
__Hbank8                                        bank8        000000
__Hbank9                                        bank9        000000
__Hbigbss                                       bigbss       000000
__Hbigdata                                      bigdata      000000
__Hbigram                                       bigram       000000
__Hbigsfr                                       bigsfr       000000
__Hbss                                          bss          000000
__HbssCOMRAM                                    bssCOMRAM    000000
__Hcinit                                        cinit        000000
__Hclrtext                                      clrtext      000000
__Hcomram                                       comram       000000
__Hconfig                                       config       30000E
__Hconst                                        const        000000
__HcstackCOMRAM                                 cstackCOMRAM 000000
__Hdata                                         data         000000
__Heeprom_data                                  eeprom_data  000000
__Hfarbss                                       farbss       000000
__Hfardata                                      fardata      000000
__Hheap                                         heap         000000
__Hibigdata                                     ibigdata     000000
__Hidata                                        idata        000000
__Hidloc                                        idloc        200008
__Hifardata                                     ifardata     000000
__Hinit                                         init         0000B4
__Hintcode                                      intcode      0000B0
__Hintcode_body                                 intcode_body 000000
__Hintcodelo                                    intcodelo    0000B0
__Hintentry                                     intentry     000000
__Hintret                                       intret       000000
__Hintsave_regs                                 intsave_regs 000000
__Hirdata                                       irdata       000000
__Hmediumconst                                  mediumconst  000000
__HnvCOMRAM                                     nvCOMRAM     000000
__HnvFARRAM                                     nvFARRAM     000000
__Hnvbit                                        nvbit        000000
__Hnvrram                                       nvrram       000000
__Hparam                                        rparam       000000
__Hpowerup                                      powerup      0000B0
__Hram                                          ram          000000
__Hramtop                                       ramtop       001000
__Hrbit                                         rbit         000000
__Hrbss                                         rbss         000000
__Hrdata                                        rdata        000000
__Hreset_vec                                    reset_vec    000004
__Hrparam                                       rparam       000000
__Hsfr                                          sfr          000000
__Hsmallconst                                   smallconst   000000
__Hspace_0                                      (abs)        001000
__Hspace_1                                      (abs)        000031
__Hspace_2                                      (abs)        000000
__Hspace_4                                      (abs)        60000E
__Hstack                                        stack        000000
__Hstruct                                       struct       000000
__Htemp                                         temp         000031
__Htext                                         text         000000
__Htext0                                        text0        000000
__Htext1                                        text1        000000
__Htext10                                       text10       000000
__Htext12                                       text12       000000
__Htext13                                       text13       000000
__Htext14                                       text14       000000
__Htext15                                       text15       000000
__Htext16                                       text16       000000
__Htext17                                       text17       000000
__Htext18                                       text18       000000
__Htext2                                        text2        000000
__Htext3                                        text3        000000
__Htext4                                        text4        000000
__Htext5                                        text5        000000
__Htext6                                        text6        000000
__Htext7                                        text7        000000
__Htext8                                        text8        000000
__Htext9                                        text9        000000
__LRAM                                          (abs)        000001
__Labs1                                         abs1         000000
__Lbank0                                        bank0        000000
__Lbank1                                        bank1        000000
__Lbank10                                       bank10       000000
__Lbank11                                       bank11       000000
__Lbank12                                       bank12       000000
__Lbank13                                       bank13       000000
__Lbank14                                       bank14       000000
__Lbank2                                        bank2        000000
__Lbank3                                        bank3        000000
__Lbank4                                        bank4        000000
__Lbank5                                        bank5        000000
__Lbank6                                        bank6        000000
__Lbank7                                        bank7        000000
__Lbank8                                        bank8        000000
__Lbank9                                        bank9        000000
__Lbigbss                                       bigbss       000000
__Lbigdata                                      bigdata      000000
__Lbigram                                       bigram       000000
__Lbigsfr                                       bigsfr       000000
__Lbss                                          bss          000000
__LbssCOMRAM                                    bssCOMRAM    000000
__Lcinit                                        cinit        000000
__Lclrtext                                      clrtext      000000
__Lcomram                                       comram       000000
__Lconfig                                       config       000000
__Lconst                                        const        000000
__LcstackCOMRAM                                 cstackCOMRAM 000000
__Ldata                                         data         000000
__Leeprom_data                                  eeprom_data  000000
__Lfarbss                                       farbss       000000
__Lfardata                                      fardata      000000
__Lheap                                         heap         000000
__Libigdata                                     ibigdata     000000
__Lidata                                        idata        000000
__Lidloc                                        idloc        000000
__Lifardata                                     ifardata     000000
__Linit                                         init         0000B0
__Lintcode                                      intcode      000008
__Lintcode_body                                 intcode_body 000000
__Lintcodelo                                    intcodelo    0000B0
__Lintentry                                     intentry     000000
__Lintret                                       intret       000000
__Lintsave_regs                                 intsave_regs 000000
__Lirdata                                       irdata       000000
__Lmediumconst                                  mediumconst  000000
__LnvCOMRAM                                     nvCOMRAM     000000
__LnvFARRAM                                     nvFARRAM     000000
__Lnvbit                                        nvbit        000000
__Lnvrram                                       nvrram       000000
__Lparam                                        rparam       000000
__Lpowerup                                      powerup      0000B0
__Lram                                          ram          000000
__Lramtop                                       ramtop       001000
__Lrbit                                         rbit         000000
__Lrbss                                         rbss         000000
__Lrdata                                        rdata        000000
__Lreset_vec                                    reset_vec    000000
__Lrparam                                       rparam       000000
__Lsfr                                          sfr          000000
__Lsmallconst                                   smallconst   000000
__Lspace_0                                      (abs)        000000
__Lspace_1                                      (abs)        000000
__Lspace_2                                      (abs)        000000
__Lspace_4                                      (abs)        000000
__Lstack                                        stack        000000
__Lstruct                                       struct       000000
__Ltemp                                         temp         000030
__Ltext                                         text         000000
__Ltext0                                        text0        000000
__Ltext1                                        text1        000000
__Ltext10                                       text10       000000
__Ltext12                                       text12       000000
__Ltext13                                       text13       000000
__Ltext14                                       text14       000000
__Ltext15                                       text15       000000
__Ltext16                                       text16       000000
__Ltext17                                       text17       000000
__Ltext18                                       text18       000000
__Ltext2                                        text2        000000
__Ltext3                                        text3        000000
__Ltext4                                        text4        000000
__Ltext5                                        text5        000000
__Ltext6                                        text6        000000
__Ltext7                                        text7        000000
__Ltext8                                        text8        000000
__Ltext9                                        text9        000000
__S0                                            (abs)        000304
__S1                                            (abs)        000031
__S4                                            (abs)        000000
__S5                                            (abs)        000000
___heap_hi                                      (abs)        000000
___heap_lo                                      (abs)        000000
___inthi_sp                                     stack        000000
___intlo_sp                                     stack        000000
___param_bank                                   (abs)        000000
___rparam_used                                  (abs)        000001
___sp                                           stack        000000
__accesstop                                     (abs)        000060
__activetblptr                                  (abs)        000002
__end_of_EUSART1_DefaultErrorHandler            text16       0002FE
__end_of_EUSART1_DefaultFramingErrorHandler     text15       000304
__end_of_EUSART1_DefaultOverrunErrorHandler     text14       0002F8
__end_of_EUSART1_Initialize                     text5        0001E4
__end_of_EUSART1_Receive_ISR                    text13       000170
__end_of_EUSART1_RxDataHandler                  text17       00024E
__end_of_EUSART1_SetErrorHandler                text10       0002F2
__end_of_EUSART1_SetFramingErrorHandler         text9        0002E8
__end_of_EUSART1_SetOverrunErrorHandler         text8        0002DE
__end_of_EUSART1_SetRxInterruptHandler          text7        0002D4
__end_of_EUSART1_SetTxInterruptHandler          text6        0002CA
__end_of_EUSART1_Transmit_ISR                   text12       000224
__end_of_INTERRUPT_Initialize                   text4        000302
__end_of_INTERRUPT_InterruptManager             intcode      0000B0
__end_of_OSCILLATOR_Initialize                  text3        0002B4
__end_of_PIN_MANAGER_Initialize                 text2        000276
__end_of_SYSTEM_Initialize                      text1        0002A2
__end_of__initialization                        cinit        000282
__end_of_main                                   text0        0002C0
__initialization                                cinit        000276
__mediumconst                                   mediumconst  000000
__pbssCOMRAM                                    bssCOMRAM    000001
__pcinit                                        cinit        000276
__pcstackCOMRAM                                 cstackCOMRAM 00002A
__pintcode                                      intcode      000008
__pnvCOMRAM                                     nvCOMRAM     00001F
__ptext0                                        text0        0002B4
__ptext1                                        text1        000290
__ptext10                                       text10       0002E8
__ptext12                                       text12       0001E4
__ptext13                                       text13       0000B4
__ptext14                                       text14       0002F2
__ptext15                                       text15       000302
__ptext16                                       text16       0002F8
__ptext17                                       text17       000224
__ptext18                                       text18       000000
__ptext2                                        text2        00024E
__ptext3                                        text3        0002A2
__ptext4                                        text4        0002FE
__ptext5                                        text5        000170
__ptext6                                        text6        0002C0
__ptext7                                        text7        0002CA
__ptext8                                        text8        0002D4
__ptext9                                        text9        0002DE
__ramtop                                        ramtop       001000
__smallconst                                    smallconst   000000
_eusart1RxBuffer                                bssCOMRAM    000009
_eusart1RxCount                                 bssCOMRAM    00001A
_eusart1RxHead                                  bssCOMRAM    00001C
_eusart1RxLastError                             bssCOMRAM    000019
_eusart1RxStatusBuffer                          bssCOMRAM    000001
_eusart1RxTail                                  bssCOMRAM    00001B
_eusart1TxBuffer                                bssCOMRAM    000011
_eusart1TxBufferRemaining                       nvCOMRAM     000029
_eusart1TxHead                                  bssCOMRAM    00001E
_eusart1TxTail                                  bssCOMRAM    00001D
_main                                           text0        0002B4
btemp                                           temp         000030
end_of_initialization                           cinit        000282
int$flags                                       temp         000030
intlevel0                                       text         000000
intlevel1                                       text         000000
intlevel2                                       text         000000
intlevel3                                       text         000000
isa$std                                         (abs)        000001
isa$xinst                                       (abs)        000000
stackhi                                         (abs)        000000
stacklo                                         (abs)        000000
start                                           init         0000B0
start_initialization                            cinit        000276
ttemp5                                          temp         000031
ttemp6                                          temp         000034
ttemp7                                          temp         000038
wtemp8                                          temp         000031


MODULE INFORMATION

Module		Function		Class		Link	Load	Size
mcc_generated_files/interrupt_manager.c
		_INTERRUPT_Initialize		CODE           	02FE	0000	4
		_INTERRUPT_InterruptManager		CODE           	0008	0000	168

mcc_generated_files/interrupt_manager.c estimated size: 172

mcc_generated_files/pin_manager.c
		_PIN_MANAGER_Initialize		CODE           	024E	0000	40

mcc_generated_files/pin_manager.c estimated size: 40

shared
		__initialization		CODE           	0276	0000	12

shared estimated size: 12

mcc_generated_files/eusart1.c
		_EUSART1_SetRxInterruptHandler		CODE           	02CA	0000	10
		_EUSART1_SetTxInterruptHandler		CODE           	02C0	0000	10
		_EUSART1_Initialize		CODE           	0170	0000	116
		_EUSART1_DefaultErrorHandler		CODE           	02F8	0000	6
		_EUSART1_SetFramingErrorHandler		CODE           	02DE	0000	10
		_EUSART1_SetOverrunErrorHandler		CODE           	02D4	0000	10
		_EUSART1_SetErrorHandler		CODE           	02E8	0000	10
		_EUSART1_Receive_ISR		CODE           	00B4	0000	188
		_EUSART1_RxDataHandler		CODE           	0224	0000	42
		_EUSART1_DefaultOverrunErrorHandler		CODE           	02F2	0000	6
		_EUSART1_Transmit_ISR		CODE           	01E4	0000	64
		_EUSART1_DefaultFramingErrorHandler		CODE           	0302	0000	2

mcc_generated_files/eusart1.c estimated size: 474

mcc_generated_files/mcc.c
		_OSCILLATOR_Initialize		CODE           	02A2	0000	18
		_SYSTEM_Initialize		CODE           	0290	0000	18

mcc_generated_files/mcc.c estimated size: 36

main.c
		_main          		CODE           	02B4	0000	12

main.c estimated size: 12

